2025-12-27T20:47:37+00:00  
2025-12-27T20:49:07+00:00 GET /partners/androidmarket/d.cdn.php
2025-12-27T20:49:07+00:00 GET /partners/androidmarket/d.cdn.php
2025-12-27T20:49:07+00:00 GET /cdn/Asphalt8_GAND_v200d.amz
2025-12-27T21:01:26+00:00 GET /partners/androidmarket/d.cdn.php
2025-12-27T21:01:26+00:00 GET /cdn/Asphalt8_GAND_v200d.amz
2025-12-27T21:02:10+00:00 GET /partners/androidmarket/d.cdn.php
2025-12-27T21:02:10+00:00 GET /cdn/Asphalt8_GAND_v200d.amz
2025-12-27T21:02:30+00:00 GET /partners/androidmarket/d.cdn.php
2025-12-27T21:02:30+00:00 GET /cdn/Asphalt8_GAND_v200d.amz
2025-12-27T21:12:44+00:00 GET /partners/androidmarket/d.cdn.php
2025-12-27T21:12:52+00:00 GET /partners/androidmarket/d.cdn.php
2025-12-27T21:12:53+00:00 GET /partners/androidmarket/d.cdn.php
2025-12-27T21:12:54+00:00 GET /partners/androidmarket/d.cdn.php
2025-12-27T21:12:54+00:00 GET /partners/androidmarket/d.cdn.php
2025-12-27T21:12:55+00:00 GET /partners/androidmarket/d.cdn.php
2025-12-27T21:13:04+00:00 GET /partners/androidmarket/d.cdn.php
2025-12-27T21:13:04+00:00 GET /cdn/Asphalt8_GAND_v200d.amz
2025-12-27T21:35:37+00:00 GET /partners/androidmarket/d.cdn.php
2025-12-27T21:35:37+00:00 GET /partners/androidmarket/d.cdn.php
2025-12-27T21:35:37+00:00 GET /cdn/Asphalt8/Asphalt8_GAND_v200d.amz
2025-12-27T21:36:20+00:00 GET /partners/androidmarket/d.cdn.php
2025-12-27T21:36:20+00:00 GET /partners/androidmarket/d.cdn.php
2025-12-27T21:36:20+00:00 GET /cdn/Asphalt8/Asphalt8_GAND_v200d.amz
2025-12-27T21:37:09+00:00 GET /partners/androidmarket/d.cdn.php
2025-12-27T21:37:09+00:00 GET /cdn/Asphalt8/Asphalt8_GAND_v200d.amz
2025-12-27T21:37:52+00:00 GET /partners/androidmarket/d.cdn.php
2025-12-27T21:37:52+00:00 GET /cdn/Asphalt8/Asphalt8_GAND_v200d.amz
2025-12-27T21:39:24+00:00 GET /partners/androidmarket/d.cdn.php
2025-12-27T21:39:24+00:00 GET /cdn/Asphalt8/Asphalt8_GAND_v200d.amz
2025-12-27T21:40:23+00:00 GET /partners/androidmarket/d.cdn.php
2025-12-27T21:40:23+00:00 GET /cdn/Asphalt8/Asphalt8_GAND_v200d.amz
C:\Users\Utilisateur\Desktop\gameloft-cdn/cdn/Asphalt8_GAND_v200d.amz2025-12-27T21:40:59+00:00 GET /partners/androidmarket/d.cdn.php
2025-12-27T21:40:59+00:00 GET /cdn/Asphalt8_GAND_v200d.amz
C:\Users\Utilisateur\Desktop\gameloft-cdn/cdn/Asphalt8_GAND_v200d.amz2025-12-27T21:41:16+00:00 GET /partners/androidmarket/d.cdn.php
2025-12-27T21:41:16+00:00 GET /cdn/Asphalt8_GAND_v200d.amz
C:\Users\Utilisateur\Desktop\gameloft-cdn/cdn/Asphalt8_GAND_v200d.amz2025-12-27T21:41:32+00:00 GET /partners/androidmarket/d.cdn.php
2025-12-27T21:41:32+00:00 GET /cdn/Asphalt8_GAND_v200d.amz
C:\Users\Utilisateur\Desktop\gameloft-cdn/cdn/Asphalt8_GAND_v200d.amz2025-12-27T21:41:47+00:00 GET /cdn/Asphalt8_GAND_v200d.amz
C:\Users\Utilisateur\Desktop\gameloft-cdn/cdn/Asphalt8_GAND_v200d.amz2025-12-27T21:41:51+00:00 GET /partners/androidmarket/d.cdn.php
2025-12-27T21:41:51+00:00 GET /cdn/Asphalt8_GAND_v200d.amz
C:\Users\Utilisateur\Desktop\gameloft-cdn/cdn/Asphalt8_GAND_v200d.amz2025-12-27T21:41:56+00:00 GET /partners/androidmarket/d.cdn.php
2025-12-27T21:41:56+00:00 GET /cdn/Asphalt8_GAND_v200d.amz
C:\Users\Utilisateur\Desktop\gameloft-cdn/cdn/Asphalt8_GAND_v200d.amz2025-12-27T21:42:03+00:00 GET /cdn/Asphalt8_GAND_v200d.amz
C:\Users\Utilisateur\Desktop\gameloft-cdn/cdn/Asphalt8_GAND_v200d.amz2025-12-27T21:42:10+00:00 GET /cdn/Asphalt8_GAND_v200d.amz
C:\Users\Utilisateur\Desktop\gameloft-cdn/cdn/Asphalt8_GAND_v200d.amz2025-12-27T21:42:18+00:00 GET /cdn/Asphalt8_GAND_v200d.amz
C:\Users\Utilisateur\Desktop\gameloft-cdn/cdn/Asphalt8_GAND_v200d.amz2025-12-27T21:42:26+00:00 GET /cdn/Asphalt8_GAND_v200d.amz
C:\Users\Utilisateur\Desktop\gameloft-cdn/cdn/Asphalt8_GAND_v200d.amz2025-12-27T21:42:32+00:00 GET /cdn/Asphalt8_GAND_v200d.amz
C:\Users\Utilisateur\Desktop\gameloft-cdn/cdn/Asphalt8_GAND_v200d.amz2025-12-27T21:43:04+00:00 GET /partners/androidmarket/d.cdn.php
2025-12-27T21:43:04+00:00 GET /partners/androidmarket/d.cdn.php
2025-12-27T21:43:04+00:00 GET /cdn/Asphalt8_GAND_v200d.amz
C:\Users\Utilisateur\Desktop\gameloft-cdn/cdn/Asphalt8_GAND_v200d.amz2025-12-27T21:43:18+00:00 GET /partners/androidmarket/d.cdn.php
2025-12-27T21:43:18+00:00 GET /cdn/Asphalt8_GAND_v200d.amz
C:\Users\Utilisateur\Desktop\gameloft-cdn/cdn/Asphalt8_GAND_v200d.amz2025-12-27T21:43:33+00:00 GET /partners/androidmarket/d.cdn.php
2025-12-27T21:43:33+00:00 GET /cdn/Asphalt8_GAND_v200d.amz
C:\Users\Utilisateur\Desktop\gameloft-cdn/cdn/Asphalt8_GAND_v200d.amz2025-12-27T21:43:49+00:00 GET /cdn/Asphalt8_GAND_v200d.amz
C:\Users\Utilisateur\Desktop\gameloft-cdn/cdn/Asphalt8_GAND_v200d.amz2025-12-27T21:43:53+00:00 GET /partners/androidmarket/d.cdn.php
2025-12-27T21:43:53+00:00 GET /cdn/Asphalt8_GAND_v200d.amz
C:\Users\Utilisateur\Desktop\gameloft-cdn/cdn/Asphalt8_GAND_v200d.amz2025-12-27T21:43:57+00:00 GET /partners/androidmarket/d.cdn.php
2025-12-27T21:43:57+00:00 GET /cdn/Asphalt8_GAND_v200d.amz
C:\Users\Utilisateur\Desktop\gameloft-cdn/cdn/Asphalt8_GAND_v200d.amz2025-12-27T21:44:15+00:00 GET /cdn/Asphalt8_GAND_v200d.amz
C:\Users\Utilisateur\Desktop\gameloft-cdn/cdn/Asphalt8_GAND_v200d.amz2025-12-27T21:44:22+00:00 GET /cdn/Asphalt8_GAND_v200d.amz
C:\Users\Utilisateur\Desktop\gameloft-cdn/cdn/Asphalt8_GAND_v200d.amz2025-12-27T21:44:28+00:00 GET /cdn/Asphalt8_GAND_v200d.amz
C:\Users\Utilisateur\Desktop\gameloft-cdn/cdn/Asphalt8_GAND_v200d.amz2025-12-27T21:44:34+00:00 GET /cdn/Asphalt8_GAND_v200d.amz
C:\Users\Utilisateur\Desktop\gameloft-cdn/cdn/Asphalt8_GAND_v200d.amz2025-12-27T21:44:40+00:00 GET /cdn/Asphalt8_GAND_v200d.amz
C:\Users\Utilisateur\Desktop\gameloft-cdn/cdn/Asphalt8_GAND_v200d.amz2025-12-27T21:44:51+00:00 GET /cdn/Asphalt8_GAND_v200d.amz
C:\Users\Utilisateur\Desktop\gameloft-cdn/cdn/Asphalt8_GAND_v200d.amz2025-12-27T21:44:58+00:00 GET /cdn/Asphalt8_GAND_v200d.amz
C:\Users\Utilisateur\Desktop\gameloft-cdn/cdn/Asphalt8_GAND_v200d.amz2025-12-27T21:45:04+00:00 GET /cdn/Asphalt8_GAND_v200d.amz
C:\Users\Utilisateur\Desktop\gameloft-cdn/cdn/Asphalt8_GAND_v200d.amz2025-12-27T21:45:20+00:00 GET /cdn/Asphalt8_GAND_v200d.amz
C:\Users\Utilisateur\Desktop\gameloft-cdn/cdn/Asphalt8_GAND_v200d.amz2025-12-27T21:45:26+00:00 GET /cdn/Asphalt8_GAND_v200d.amz
C:\Users\Utilisateur\Desktop\gameloft-cdn/cdn/Asphalt8_GAND_v200d.amz2025-12-27T21:45:31+00:00 GET /cdn/Asphalt8_GAND_v200d.amz
C:\Users\Utilisateur\Desktop\gameloft-cdn/cdn/Asphalt8_GAND_v200d.amz2025-12-27T21:45:47+00:00 GET /cdn/Asphalt8_GAND_v200d.amz
C:\Users\Utilisateur\Desktop\gameloft-cdn/cdn/Asphalt8_GAND_v200d.amz2025-12-27T21:45:53+00:00 GET /cdn/Asphalt8_GAND_v200d.amz
C:\Users\Utilisateur\Desktop\gameloft-cdn/cdn/Asphalt8_GAND_v200d.amz2025-12-27T21:45:59+00:00 GET /cdn/Asphalt8_GAND_v200d.amz
C:\Users\Utilisateur\Desktop\gameloft-cdn/cdn/Asphalt8_GAND_v200d.amz2025-12-27T21:46:07+00:00 GET /cdn/Asphalt8_GAND_v200d.amz
C:\Users\Utilisateur\Desktop\gameloft-cdn/cdn/Asphalt8_GAND_v200d.amz2025-12-27T21:46:13+00:00 GET /cdn/Asphalt8_GAND_v200d.amz
C:\Users\Utilisateur\Desktop\gameloft-cdn/cdn/Asphalt8_GAND_v200d.amz2025-12-27T21:46:21+00:00 GET /cdn/Asphalt8_GAND_v200d.amz
C:\Users\Utilisateur\Desktop\gameloft-cdn/cdn/Asphalt8_GAND_v200d.amz2025-12-27T21:46:29+00:00 GET /cdn/Asphalt8_GAND_v200d.amz
C:\Users\Utilisateur\Desktop\gameloft-cdn/cdn/Asphalt8_GAND_v200d.amz2025-12-27T21:46:36+00:00 GET /cdn/Asphalt8_GAND_v200d.amz
C:\Users\Utilisateur\Desktop\gameloft-cdn/cdn/Asphalt8_GAND_v200d.amz2025-12-27T21:46:43+00:00 GET /cdn/Asphalt8_GAND_v200d.amz
C:\Users\Utilisateur\Desktop\gameloft-cdn/cdn/Asphalt8_GAND_v200d.amz2025-12-27T21:46:49+00:00 GET /cdn/Asphalt8_GAND_v200d.amz
C:\Users\Utilisateur\Desktop\gameloft-cdn/cdn/Asphalt8_GAND_v200d.amz2025-12-27T21:46:57+00:00 GET /cdn/Asphalt8_GAND_v200d.amz
C:\Users\Utilisateur\Desktop\gameloft-cdn/cdn/Asphalt8_GAND_v200d.amz2025-12-27T21:47:07+00:00 GET /cdn/Asphalt8_GAND_v200d.amz
C:\Users\Utilisateur\Desktop\gameloft-cdn/cdn/Asphalt8_GAND_v200d.amz2025-12-27T21:47:13+00:00 GET /cdn/Asphalt8_GAND_v200d.amz
C:\Users\Utilisateur\Desktop\gameloft-cdn/cdn/Asphalt8_GAND_v200d.amz2025-12-27T21:47:19+00:00 GET /cdn/Asphalt8_GAND_v200d.amz
C:\Users\Utilisateur\Desktop\gameloft-cdn/cdn/Asphalt8_GAND_v200d.amz2025-12-27T21:47:26+00:00 GET /cdn/Asphalt8_GAND_v200d.amz
C:\Users\Utilisateur\Desktop\gameloft-cdn/cdn/Asphalt8_GAND_v200d.amz2025-12-27T21:47:33+00:00 GET /cdn/Asphalt8_GAND_v200d.amz
C:\Users\Utilisateur\Desktop\gameloft-cdn/cdn/Asphalt8_GAND_v200d.amz2025-12-27T21:47:44+00:00 GET /cdn/Asphalt8_GAND_v200d.amz
C:\Users\Utilisateur\Desktop\gameloft-cdn/cdn/Asphalt8_GAND_v200d.amz2025-12-27T21:47:52+00:00 GET /cdn/Asphalt8_GAND_v200d.amz
C:\Users\Utilisateur\Desktop\gameloft-cdn/cdn/Asphalt8_GAND_v200d.amz2025-12-27T21:47:59+00:00 GET /cdn/Asphalt8_GAND_v200d.amz
C:\Users\Utilisateur\Desktop\gameloft-cdn/cdn/Asphalt8_GAND_v200d.amz2025-12-27T21:48:07+00:00 GET /cdn/Asphalt8_GAND_v200d.amz
C:\Users\Utilisateur\Desktop\gameloft-cdn/cdn/Asphalt8_GAND_v200d.amz2025-12-27T21:48:13+00:00 GET /cdn/Asphalt8_GAND_v200d.amz
C:\Users\Utilisateur\Desktop\gameloft-cdn/cdn/Asphalt8_GAND_v200d.amz2025-12-27T21:48:19+00:00 GET /cdn/Asphalt8_GAND_v200d.amz
C:\Users\Utilisateur\Desktop\gameloft-cdn/cdn/Asphalt8_GAND_v200d.amz2025-12-27T21:48:28+00:00 GET /cdn/Asphalt8_GAND_v200d.amz
C:\Users\Utilisateur\Desktop\gameloft-cdn/cdn/Asphalt8_GAND_v200d.amz2025-12-27T21:48:35+00:00 GET /cdn/Asphalt8_GAND_v200d.amz
C:\Users\Utilisateur\Desktop\gameloft-cdn/cdn/Asphalt8_GAND_v200d.amz2025-12-27T21:48:42+00:00 GET /cdn/Asphalt8_GAND_v200d.amz
C:\Users\Utilisateur\Desktop\gameloft-cdn/cdn/Asphalt8_GAND_v200d.amz2025-12-27T21:48:49+00:00 GET /cdn/Asphalt8_GAND_v200d.amz
C:\Users\Utilisateur\Desktop\gameloft-cdn/cdn/Asphalt8_GAND_v200d.amz2025-12-27T21:48:55+00:00 GET /cdn/Asphalt8_GAND_v200d.amz
C:\Users\Utilisateur\Desktop\gameloft-cdn/cdn/Asphalt8_GAND_v200d.amz2025-12-27T21:49:02+00:00 GET /cdn/Asphalt8_GAND_v200d.amz
C:\Users\Utilisateur\Desktop\gameloft-cdn/cdn/Asphalt8_GAND_v200d.amz2025-12-27T21:49:11+00:00 GET /cdn/Asphalt8_GAND_v200d.amz
C:\Users\Utilisateur\Desktop\gameloft-cdn/cdn/Asphalt8_GAND_v200d.amz2025-12-27T21:49:17+00:00 GET /cdn/Asphalt8_GAND_v200d.amz
C:\Users\Utilisateur\Desktop\gameloft-cdn/cdn/Asphalt8_GAND_v200d.amz2025-12-27T21:49:22+00:00 GET /cdn/Asphalt8_GAND_v200d.amz
C:\Users\Utilisateur\Desktop\gameloft-cdn/cdn/Asphalt8_GAND_v200d.amz2025-12-27T21:49:29+00:00 GET /cdn/Asphalt8_GAND_v200d.amz
C:\Users\Utilisateur\Desktop\gameloft-cdn/cdn/Asphalt8_GAND_v200d.amz2025-12-27T21:49:36+00:00 GET /cdn/Asphalt8_GAND_v200d.amz
C:\Users\Utilisateur\Desktop\gameloft-cdn/cdn/Asphalt8_GAND_v200d.amz2025-12-27T21:49:43+00:00 GET /cdn/Asphalt8_GAND_v200d.amz
C:\Users\Utilisateur\Desktop\gameloft-cdn/cdn/Asphalt8_GAND_v200d.amz2025-12-27T21:49:49+00:00 GET /cdn/Asphalt8_GAND_v200d.amz
C:\Users\Utilisateur\Desktop\gameloft-cdn/cdn/Asphalt8_GAND_v200d.amz2025-12-27T21:49:56+00:00 GET /cdn/Asphalt8_GAND_v200d.amz
C:\Users\Utilisateur\Desktop\gameloft-cdn/cdn/Asphalt8_GAND_v200d.amz2025-12-27T21:50:02+00:00 GET /cdn/Asphalt8_GAND_v200d.amz
C:\Users\Utilisateur\Desktop\gameloft-cdn/cdn/Asphalt8_GAND_v200d.amz2025-12-27T21:50:07+00:00 GET /cdn/Asphalt8_GAND_v200d.amz
C:\Users\Utilisateur\Desktop\gameloft-cdn/cdn/Asphalt8_GAND_v200d.amz2025-12-27T21:50:13+00:00 GET /cdn/Asphalt8_GAND_v200d.amz
C:\Users\Utilisateur\Desktop\gameloft-cdn/cdn/Asphalt8_GAND_v200d.amz2025-12-27T21:50:21+00:00 GET /cdn/Asphalt8_GAND_v200d.amz
C:\Users\Utilisateur\Desktop\gameloft-cdn/cdn/Asphalt8_GAND_v200d.amz2025-12-27T21:50:28+00:00 GET /cdn/Asphalt8_GAND_v200d.amz
C:\Users\Utilisateur\Desktop\gameloft-cdn/cdn/Asphalt8_GAND_v200d.amz2025-12-27T21:50:37+00:00 GET /cdn/Asphalt8_GAND_v200d.amz
C:\Users\Utilisateur\Desktop\gameloft-cdn/cdn/Asphalt8_GAND_v200d.amz2025-12-27T21:50:44+00:00 GET /cdn/Asphalt8_GAND_v200d.amz
C:\Users\Utilisateur\Desktop\gameloft-cdn/cdn/Asphalt8_GAND_v200d.amz2025-12-27T21:50:52+00:00 GET /cdn/Asphalt8_GAND_v200d.amz
C:\Users\Utilisateur\Desktop\gameloft-cdn/cdn/Asphalt8_GAND_v200d.amz2025-12-27T21:50:58+00:00 GET /cdn/Asphalt8_GAND_v200d.amz
C:\Users\Utilisateur\Desktop\gameloft-cdn/cdn/Asphalt8_GAND_v200d.amz2025-12-27T21:51:07+00:00 GET /cdn/Asphalt8_GAND_v200d.amz
C:\Users\Utilisateur\Desktop\gameloft-cdn/cdn/Asphalt8_GAND_v200d.amz2025-12-27T21:51:15+00:00 GET /cdn/Asphalt8_GAND_v200d.amz
C:\Users\Utilisateur\Desktop\gameloft-cdn/cdn/Asphalt8_GAND_v200d.amz2025-12-27T21:51:23+00:00 GET /cdn/Asphalt8_GAND_v200d.amz
C:\Users\Utilisateur\Desktop\gameloft-cdn/cdn/Asphalt8_GAND_v200d.amz2025-12-27T21:51:33+00:00 GET /cdn/Asphalt8_GAND_v200d.amz
C:\Users\Utilisateur\Desktop\gameloft-cdn/cdn/Asphalt8_GAND_v200d.amz2025-12-27T21:51:38+00:00 GET /cdn/Asphalt8_GAND_v200d.amz
C:\Users\Utilisateur\Desktop\gameloft-cdn/cdn/Asphalt8_GAND_v200d.amz2025-12-27T21:51:50+00:00 GET /cdn/Asphalt8_GAND_v200d.amz
C:\Users\Utilisateur\Desktop\gameloft-cdn/cdn/Asphalt8_GAND_v200d.amz2025-12-27T21:51:58+00:00 GET /cdn/Asphalt8_GAND_v200d.amz
C:\Users\Utilisateur\Desktop\gameloft-cdn/cdn/Asphalt8_GAND_v200d.amz2025-12-27T21:52:06+00:00 GET /cdn/Asphalt8_GAND_v200d.amz
C:\Users\Utilisateur\Desktop\gameloft-cdn/cdn/Asphalt8_GAND_v200d.amz2025-12-27T21:54:25+00:00 GET /partners/androidmarket/d.cdn.php
2025-12-27T21:54:25+00:00 GET /partners/androidmarket/d.cdn.php
2025-12-27T21:54:25+00:00 GET /cdn/Asphalt8_GAND_v200d.amz
C:\Users\Utilisateur\Desktop\gameloft-cdn/cdn/2025-12-27T21:56:09+00:00 GET /partners/androidmarket/d.cdn.php
2025-12-27T21:56:09+00:00 GET /cdn/Asphalt8_GAND_v200d.amz
C:\Users\Utilisateur\Desktop\gameloft-cdn/cdn/Asphalt8_GAND_v200d.amz2025-12-27T21:56:25+00:00 GET /partners/androidmarket/d.cdn.php
2025-12-27T21:56:25+00:00 GET /cdn/Asphalt8_GAND_v200d.amz
C:\Users\Utilisateur\Desktop\gameloft-cdn/cdn/Asphalt8_GAND_v200d.amz2025-12-27T21:56:41+00:00 GET /partners/androidmarket/d.cdn.php
2025-12-27T21:56:41+00:00 GET /cdn/Asphalt8_GAND_v200d.amz
C:\Users\Utilisateur\Desktop\gameloft-cdn/cdn/Asphalt8_GAND_v200d.amz2025-12-27T21:56:56+00:00 GET /cdn/Asphalt8_GAND_v200d.amz
C:\Users\Utilisateur\Desktop\gameloft-cdn/cdn/Asphalt8_GAND_v200d.amz2025-12-27T21:57:01+00:00 GET /partners/androidmarket/d.cdn.php
2025-12-27T21:57:01+00:00 GET /cdn/Asphalt8_GAND_v200d.amz
C:\Users\Utilisateur\Desktop\gameloft-cdn/cdn/Asphalt8_GAND_v200d.amz2025-12-27T21:57:08+00:00 GET /partners/androidmarket/d.cdn.php
2025-12-27T21:57:08+00:00 GET /cdn/Asphalt8_GAND_v200d.amz
C:\Users\Utilisateur\Desktop\gameloft-cdn/cdn/Asphalt8_GAND_v200d.amz2025-12-27T21:57:13+00:00 GET /cdn/Asphalt8_GAND_v200d.amz
C:\Users\Utilisateur\Desktop\gameloft-cdn/cdn/Asphalt8_GAND_v200d.amz2025-12-27T21:57:21+00:00 GET /cdn/Asphalt8_GAND_v200d.amz
C:\Users\Utilisateur\Desktop\gameloft-cdn/cdn/Asphalt8_GAND_v200d.amz2025-12-27T21:57:30+00:00 GET /cdn/Asphalt8_GAND_v200d.amz
C:\Users\Utilisateur\Desktop\gameloft-cdn/cdn/Asphalt8_GAND_v200d.amz2025-12-27T21:57:44+00:00 GET /cdn/Asphalt8_GAND_v200d.amz
C:\Users\Utilisateur\Desktop\gameloft-cdn/cdn/Asphalt8_GAND_v200d.amz2025-12-27T21:57:50+00:00 GET /cdn/Asphalt8_GAND_v200d.amz
C:\Users\Utilisateur\Desktop\gameloft-cdn/cdn/Asphalt8_GAND_v200d.amz2025-12-27T21:58:06+00:00 GET /cdn/Asphalt8_GAND_v200d.amz
C:\Users\Utilisateur\Desktop\gameloft-cdn/cdn/Asphalt8_GAND_v200d.amz2025-12-27T21:58:22+00:00 GET /cdn/Asphalt8_GAND_v200d.amz
C:\Users\Utilisateur\Desktop\gameloft-cdn/cdn/Asphalt8_GAND_v200d.amz2025-12-27T21:58:38+00:00 GET /cdn/Asphalt8_GAND_v200d.amz
C:\Users\Utilisateur\Desktop\gameloft-cdn/cdn/Asphalt8_GAND_v200d.amz2025-12-27T21:58:53+00:00 GET /cdn/Asphalt8_GAND_v200d.amz
C:\Users\Utilisateur\Desktop\gameloft-cdn/cdn/Asphalt8_GAND_v200d.amz